

Resolved source packages:
--- xcodebuild: WARNING: Using the first of multiple matching destinations:
  Zip: https://github.com/marmelroy/Zip @ 2.1.2
{ platform:macOS, arch:arm64, id:6a4c71c5e481790aafa6a1c395b00b64eee4cb53, name:My Mac }
  Sparkle: https://github.com/sparkle-project/Sparkle @ 2.8.0
{ platform:macOS, arch:x86_64, id:6a4c71c5e481790aafa6a1c395b00b64eee4cb53, name:My Mac }
  SelectedTextKit: https://github.com/tisfeng/SelectedTextKit @ f6c1574
{ platform:macOS, name:Any Mac }
  swift-atomics: https://github.com/apple/swift-atomics.git @ 1.3.0
  AXSwift: https://github.com/clavierorg/AXSwift.git @ 0.3.5
  KeyboardShortcuts: https://github.com/sindresorhus/KeyboardShortcuts @ 2.3.0
  LaunchAtLogin: https://github.com/sindresorhus/LaunchAtLogin-Modern @ main (a04ec1c)
  FluidAudio: https://github.com/FluidInference/FluidAudio @ main (8136bd0)
  KeySender: https://github.com/jordanbaird/KeySender @ 0.0.5
  MediaRemoteAdapter: https://github.com/ejbills/mediaremote-adapter @ master (3529aa2)

Prepare packages

note: Using codesigning identity override: 
ComputeTargetDependencyGraph
note: Building targets in dependency order
note: Target dependency graph (26 targets)
    Target 'VoiceInk' in project 'VoiceInk'
        ➜ Explicit dependency on target 'MediaRemoteAdapter' in project 'MediaRemoteAdapter'
        ➜ Explicit dependency on target 'Atomics' in project 'swift-atomics'
        ➜ Explicit dependency on target 'Zip' in project 'Zip'
        ➜ Explicit dependency on target 'LaunchAtLogin' in project 'LaunchAtLogin'
        ➜ Explicit dependency on target 'FluidAudio' in project 'FluidAudio'
        ➜ Explicit dependency on target 'SelectedTextKit' in project 'SelectedTextKit'
        ➜ Explicit dependency on target 'Sparkle' in project 'Sparkle'
        ➜ Explicit dependency on target 'KeyboardShortcuts' in project 'KeyboardShortcuts'
    Target 'KeyboardShortcuts' in project 'KeyboardShortcuts'
        ➜ Explicit dependency on target 'KeyboardShortcuts' in project 'KeyboardShortcuts'
        ➜ Explicit dependency on target 'KeyboardShortcuts_KeyboardShortcuts' in project 'KeyboardShortcuts'
    Target 'KeyboardShortcuts' in project 'KeyboardShortcuts'
        ➜ Explicit dependency on target 'KeyboardShortcuts_KeyboardShortcuts' in project 'KeyboardShortcuts'
    Target 'KeyboardShortcuts_KeyboardShortcuts' in project 'KeyboardShortcuts' (no dependencies)
    Target 'Sparkle' in project 'Sparkle' (no dependencies)
    Target 'SelectedTextKit' in project 'SelectedTextKit'
        ➜ Explicit dependency on target 'SelectedTextKit' in project 'SelectedTextKit'
        ➜ Explicit dependency on target 'AXSwift' in project 'AXSwift'
        ➜ Explicit dependency on target 'KeySender' in project 'KeySender'
    Target 'SelectedTextKit' in project 'SelectedTextKit'
        ➜ Explicit dependency on target 'AXSwift' in project 'AXSwift'
        ➜ Explicit dependency on target 'KeySender' in project 'KeySender'
    Target 'KeySender' in project 'KeySender'
        ➜ Explicit dependency on target 'KeySender' in project 'KeySender'
    Target 'KeySender' in project 'KeySender' (no dependencies)
    Target 'AXSwift' in project 'AXSwift'
        ➜ Explicit dependency on target 'AXSwift' in project 'AXSwift'
    Target 'AXSwift' in project 'AXSwift' (no dependencies)
    Target 'FluidAudio' in project 'FluidAudio'
        ➜ Explicit dependency on target 'FluidAudio' in project 'FluidAudio'
        ➜ Explicit dependency on target 'FastClusterWrapper' in project 'FluidAudio'
    Target 'FluidAudio' in project 'FluidAudio'
        ➜ Explicit dependency on target 'FastClusterWrapper' in project 'FluidAudio'
    Target 'FastClusterWrapper' in project 'FluidAudio' (no dependencies)
    Target 'LaunchAtLogin' in project 'LaunchAtLogin'
        ➜ Explicit dependency on target 'LaunchAtLogin' in project 'LaunchAtLogin'
    Target 'LaunchAtLogin' in project 'LaunchAtLogin' (no dependencies)
    Target 'Zip' in project 'Zip'
        ➜ Explicit dependency on target 'Zip' in project 'Zip'
        ➜ Explicit dependency on target 'Minizip' in project 'Zip'
    Target 'Zip' in project 'Zip'
        ➜ Explicit dependency on target 'Minizip' in project 'Zip'
    Target 'Minizip' in project 'Zip' (no dependencies)
    Target 'Atomics' in project 'swift-atomics'
        ➜ Explicit dependency on target 'Atomics' in project 'swift-atomics'
        ➜ Explicit dependency on target '_AtomicsShims' in project 'swift-atomics'
    Target 'Atomics' in project 'swift-atomics'
        ➜ Explicit dependency on target '_AtomicsShims' in project 'swift-atomics'
    Target '_AtomicsShims' in project 'swift-atomics' (no dependencies)
    Target 'MediaRemoteAdapter' in project 'MediaRemoteAdapter'
        ➜ Explicit dependency on target 'MediaRemoteAdapter' in project 'MediaRemoteAdapter'
        ➜ Explicit dependency on target 'MediaRemoteAdapter_MediaRemoteAdapter' in project 'MediaRemoteAdapter'
        ➜ Explicit dependency on target 'CIMediaRemote' in project 'MediaRemoteAdapter'
    Target 'MediaRemoteAdapter' in project 'MediaRemoteAdapter'
        ➜ Explicit dependency on target 'MediaRemoteAdapter_MediaRemoteAdapter' in project 'MediaRemoteAdapter'
        ➜ Explicit dependency on target 'CIMediaRemote' in project 'MediaRemoteAdapter'
    Target 'CIMediaRemote' in project 'MediaRemoteAdapter' (no dependencies)
    Target 'MediaRemoteAdapter_MediaRemoteAdapter' in project 'MediaRemoteAdapter' (no dependencies)

GatherProvisioningInputs

CreateBuildDescription

ExecuteExternalTool /Applications/Xcode_16.app/Contents/Developer/Toolchains/XcodeDefault.xctoolchain/usr/bin/clang -v -E -dM -arch arm64 -isysroot /Applications/Xcode_16.app/Contents/Developer/Platforms/MacOSX.platform/Developer/SDKs/MacOSX15.0.sdk -x objective-c -c /dev/null

ExecuteExternalTool /Applications/Xcode_16.app/Contents/Developer/Toolchains/XcodeDefault.xctoolchain/usr/bin/clang -v -E -dM -isysroot /Applications/Xcode_16.app/Contents/Developer/Platforms/MacOSX.platform/Developer/SDKs/MacOSX15.0.sdk -x c -c /dev/null

ExecuteExternalTool /Applications/Xcode_16.app/Contents/Developer/Toolchains/XcodeDefault.xctoolchain/usr/bin/ld -version_details

ExecuteExternalTool /Applications/Xcode_16.app/Contents/Developer/Toolchains/XcodeDefault.xctoolchain/usr/bin/clang -v -E -dM -arch arm64 -isysroot /Applications/Xcode_16.app/Contents/Developer/Platforms/MacOSX.platform/Developer/SDKs/MacOSX15.0.sdk -x c -c /dev/null

ExecuteExternalTool /Applications/Xcode_16.app/Contents/Developer/Toolchains/XcodeDefault.xctoolchain/usr/bin/swiftc --version

ReadFileContents /Applications/Xcode_16.app/Contents/Developer/Toolchains/XcodeDefault.xctoolchain/usr/share/docc/features.json

ExecuteExternalTool /Applications/Xcode_16.app/Contents/Developer/Toolchains/XcodeDefault.xctoolchain/usr/bin/clang -v -E -dM -arch arm64 -isysroot /Applications/Xcode_16.app/Contents/Developer/Platforms/MacOSX.platform/Developer/SDKs/MacOSX15.0.sdk -x c++ -c /dev/null

ExecuteExternalTool /Applications/Xcode_16.app/Contents/Developer/usr/bin/actool --version --output-format xml1

** BUILD FAILED **
Build description signature: 933ed7e88a44d313d2b8b124fa360001

Build description path: /Users/runner/work/VoiceInk/VoiceInk/build/Build/Intermediates.noindex/XCBuildData/933ed7e88a44d313d2b8b124fa360001.xcbuilddata
note: Disabling previews because SWIFT_VERSION is set and SWIFT_OPTIMIZATION_LEVEL=-Owholemodule, expected -Onone (in target 'KeySender' from project 'KeySender')

The following build commands failed:
note: Disabling previews because SWIFT_VERSION is set and SWIFT_OPTIMIZATION_LEVEL=-Owholemodule, expected -Onone (in target 'Zip' from project 'Zip')
	Building project VoiceInk with scheme VoiceInk and configuration Release
note: Disabling previews because SWIFT_VERSION is set and SWIFT_OPTIMIZATION_LEVEL=-Owholemodule, expected -Onone (in target 'FluidAudio' from project 'FluidAudio')
(1 failure)
note: Disabling previews because SWIFT_VERSION is set and SWIFT_OPTIMIZATION_LEVEL=-Owholemodule, expected -Onone (in target 'KeyboardShortcuts' from project 'KeyboardShortcuts')
note: Disabling previews because SWIFT_VERSION is set and SWIFT_OPTIMIZATION_LEVEL=-Owholemodule, expected -Onone (in target '_AtomicsShims' from project 'swift-atomics')
note: Disabling previews because SWIFT_VERSION is set and SWIFT_OPTIMIZATION_LEVEL=-Owholemodule, expected -Onone (in target 'MediaRemoteAdapter' from project 'MediaRemoteAdapter')
note: Disabling previews because SWIFT_VERSION is set and SWIFT_OPTIMIZATION_LEVEL=-Owholemodule, expected -Onone (in target 'FastClusterWrapper' from project 'FluidAudio')
note: Disabling previews because SWIFT_VERSION is set and SWIFT_OPTIMIZATION_LEVEL=-Owholemodule, expected -Onone (in target 'Atomics' from project 'swift-atomics')
note: Disabling previews because SWIFT_VERSION is set and SWIFT_OPTIMIZATION_LEVEL=-Owholemodule, expected -Onone (in target 'CIMediaRemote' from project 'MediaRemoteAdapter')
note: Disabling previews because SWIFT_VERSION is set and SWIFT_OPTIMIZATION_LEVEL=-Owholemodule, expected -Onone (in target 'LaunchAtLogin' from project 'LaunchAtLogin')
warning: VoiceInk isn't code signed but requires entitlements. It is not possible to add entitlements to a binary without signing it. (in target 'VoiceInk' from project 'VoiceInk')
note: Disabling previews because SWIFT_VERSION is set and SWIFT_OPTIMIZATION_LEVEL=-O, expected -Onone (in target 'VoiceInk' from project 'VoiceInk')
error: There is no XCFramework found at '/Users/runner/work/VoiceInk/VoiceInk-Dependencies/whisper.cpp/build-apple/whisper.xcframework'. (in target 'VoiceInk' from project 'VoiceInk')
error: There is no XCFramework found at '/Users/runner/work/VoiceInk/VoiceInk-Dependencies/whisper.cpp/build-apple/whisper.xcframework'. (in target 'VoiceInk' from project 'VoiceInk')
/Users/runner/work/VoiceInk/VoiceInk/VoiceInk.xcodeproj: warning: The Copy Bundle Resources build phase contains this target's Info.plist file '/Users/runner/work/VoiceInk/VoiceInk/VoiceInk/Info.plist'. (in target 'VoiceInk' from project 'VoiceInk')
note: Disabling previews because SWIFT_VERSION is set and SWIFT_OPTIMIZATION_LEVEL=-Owholemodule, expected -Onone (in target 'SelectedTextKit' from project 'SelectedTextKit')
note: Disabling previews because SWIFT_VERSION is set and SWIFT_OPTIMIZATION_LEVEL=-Owholemodule, expected -Onone (in target 'AXSwift' from project 'AXSwift')
note: Disabling previews because SWIFT_VERSION is set and SWIFT_OPTIMIZATION_LEVEL=-Owholemodule, expected -Onone (in target 'Minizip' from project 'Zip')
Error: Process completed with exit code 65.